// Jest Snapshot v1, https://goo.gl/fbAQLP

exports[`Should test NotificationItem Component should render component works without crashing 1`] = `
<li
  data-priority="default"
/>
`;
